{
  "timestamp": "2026-03-12T16:20:40.260Z",
  "type": "FilterError",
  "message": "File type not allowed. Accepted: JPEG, PNG, WebP, GIF, PDF",
  "stack": "Error: File type not allowed. Accepted: JPEG, PNG, WebP, GIF, PDF\n    at fileFilter (C:\\Users\\HP\\Downloads\\unswap-app\\backend\\src\\routes\\uploads.js:37:12)\n    at wrappedFileFilter (C:\\Users\\HP\\Downloads\\unswap-app\\backend\\node_modules\\multer\\index.js:44:7)\n    at Multipart.<anonymous> (C:\\Users\\HP\\Downloads\\unswap-app\\backend\\node_modules\\multer\\lib\\make-middleware.js:109:7)\n    at Multipart.emit (node:events:508:20)\n    at HeaderParser.cb (C:\\Users\\HP\\Downloads\\unswap-app\\backend\\node_modules\\busboy\\lib\\types\\multipart.js:358:14)\n    at HeaderParser.push (C:\\Users\\HP\\Downloads\\unswap-app\\backend\\node_modules\\busboy\\lib\\types\\multipart.js:162:20)\n    at SBMH.ssCb [as _cb] (C:\\Users\\HP\\Downloads\\unswap-app\\backend\\node_modules\\busboy\\lib\\types\\multipart.js:394:37)\n    at feed (C:\\Users\\HP\\Downloads\\unswap-app\\backend\\node_modules\\streamsearch\\lib\\sbmh.js:219:14)\n    at SBMH.push (C:\\Users\\HP\\Downloads\\unswap-app\\backend\\node_modules\\streamsearch\\lib\\sbmh.js:104:16)\n    at Multipart._write (C:\\Users\\HP\\Downloads\\unswap-app\\backend\\node_modules\\busboy\\lib\\types\\multipart.js:567:19)"
}
---
{
  "timestamp": "2026-03-15T22:26:03.870Z",
  "type": "PostEntityError",
  "entity": "VideoCall",
  "message": "\nInvalid `prisma[prismaModel].create()` invocation in\nC:\\Users\\HP\\Downloads\\unswap-app\\backend\\src\\routes\\entities.js:310:50\n\n  307 \n  308 console.log(`[API] Creating entity ${entity} with data:`, processedData);\n  309 \n→ 310 const record = await prisma[prismaModel].create({\n        data: {\n          swap_request_id: \"6aa53bde-c7ca-4853-a2c2-c0fb11f2a3b0\",\n          ~~~~~~~~~~~~~~~\n          host_email: \"qasim@jacquelinetsuma.com\",\n          host_name: \"Kolawole\",\n          guest_email: \"webdev@jacquelinetsuma.com\",\n          scheduled_time: \"2026-03-15T22:26:00.000Z\",\n          duration_minutes: 30,\n          room_id: \"\",\n          status: \"scheduled\",\n      ?   id?: String,\n      ?   property_id?: String | Null,\n      ?   room_url?: String | Null,\n      ?   scheduled_at?: DateTime | Null,\n      ?   meeting_completed?: Boolean,\n      ?   call_ended_at?: DateTime | Null,\n      ?   created_at?: DateTime,\n      ?   updated_at?: DateTime\n        }\n      })\n\nUnknown argument `swap_request_id`. Available options are marked with ?.",
  "stack": "PrismaClientValidationError: \nInvalid `prisma[prismaModel].create()` invocation in\nC:\\Users\\HP\\Downloads\\unswap-app\\backend\\src\\routes\\entities.js:310:50\n\n  307 \n  308 console.log(`[API] Creating entity ${entity} with data:`, processedData);\n  309 \n→ 310 const record = await prisma[prismaModel].create({\n        data: {\n          swap_request_id: \"6aa53bde-c7ca-4853-a2c2-c0fb11f2a3b0\",\n          ~~~~~~~~~~~~~~~\n          host_email: \"qasim@jacquelinetsuma.com\",\n          host_name: \"Kolawole\",\n          guest_email: \"webdev@jacquelinetsuma.com\",\n          scheduled_time: \"2026-03-15T22:26:00.000Z\",\n          duration_minutes: 30,\n          room_id: \"\",\n          status: \"scheduled\",\n      ?   id?: String,\n      ?   property_id?: String | Null,\n      ?   room_url?: String | Null,\n      ?   scheduled_at?: DateTime | Null,\n      ?   meeting_completed?: Boolean,\n      ?   call_ended_at?: DateTime | Null,\n      ?   created_at?: DateTime,\n      ?   updated_at?: DateTime\n        }\n      })\n\nUnknown argument `swap_request_id`. Available options are marked with ?.\n    at wn (C:\\Users\\HP\\Downloads\\unswap-app\\backend\\node_modules\\@prisma\\client\\runtime\\library.js:29:1363)\n    at $n.handleRequestError (C:\\Users\\HP\\Downloads\\unswap-app\\backend\\node_modules\\@prisma\\client\\runtime\\library.js:121:6958)\n    at $n.handleAndLogRequestError (C:\\Users\\HP\\Downloads\\unswap-app\\backend\\node_modules\\@prisma\\client\\runtime\\library.js:121:6623)\n    at $n.request (C:\\Users\\HP\\Downloads\\unswap-app\\backend\\node_modules\\@prisma\\client\\runtime\\library.js:121:6307)\n    at async l (C:\\Users\\HP\\Downloads\\unswap-app\\backend\\node_modules\\@prisma\\client\\runtime\\library.js:130:9633)\n    at async C:\\Users\\HP\\Downloads\\unswap-app\\backend\\src\\routes\\entities.js:310:24"
}
---
